dx@dx-OMEN-by-HP-Laptop-15-dc1xxx:~$ rossrv show rospy_tutorials/AddTwoInts
int64 a
int64 b
---
int64 sum

dx@dx-OMEN-by-HP-Laptop-15-dc1xxx:~$ cd ~/catkin_ws/src/beginner_tutorials
dx@dx-OMEN-by-HP-Laptop-15-dc1xxx:~/catkin_ws/src/beginner_tutorials$ $ mkdir msg
$：未找到命令
dx@dx-OMEN-by-HP-Laptop-15-dc1xxx:~/catkin_ws/src/beginner_tutorials$ $ echo "int64 num" > msg/Num.msg
bash: msg/Num.msg: 没有那个文件或目录
dx@dx-OMEN-by-HP-Laptop-15-dc1xxx:~/catkin_ws/src/beginner_tutorials$ mkdir msg
dx@dx-OMEN-by-HP-Laptop-15-dc1xxx:~/catkin_ws/src/beginner_tutorials$ echo "int64 num" > msg/Num.msg
dx@dx-OMEN-by-HP-Laptop-15-dc1xxx:~/catkin_ws/src/beginner_tutorials$ string first_name

Command 'string' not found, did you mean:

  command 'spring' from deb ruby-spring (2.1.0-1)
  command 'spring' from deb spring (104.0+dfsg-4ubuntu7)
  command 'strings' from deb binutils (2.34-6ubuntu1.3)

Try: sudo apt install <deb name>

dx@dx-OMEN-by-HP-Laptop-15-dc1xxx:~/catkin_ws/src/beginner_tutorials$   <build_depend>message_generation</build_depend>
bash: 未预期的符号“newline”附近有语法错误
dx@dx-OMEN-by-HP-Laptop-15-dc1xxx:~/catkin_ws/src/beginner_tutorials$ package.xml,
package.xml,：未找到命令
dx@dx-OMEN-by-HP-Laptop-15-dc1xxx:~/catkin_ws/src/beginner_tutorials$ rosmsg show beginner_tutorials/Num
int64 num

dx@dx-OMEN-by-HP-Laptop-15-dc1xxx:~/catkin_ws/src/beginner_tutorials$ rosmsg show Num
[beginner_tutorials/Num]:
int64 num

dx@dx-OMEN-by-HP-Laptop-15-dc1xxx:~/catkin_ws/src/beginner_tutorials$ rosmsg show roscpp/Logger
string name
string level

dx@dx-OMEN-by-HP-Laptop-15-dc1xxx:~/catkin_ws/src/beginner_tutorials$ rosmsg show std_msgs/Int64
int64 data

dx@dx-OMEN-by-HP-Laptop-15-dc1xxx:~/catkin_ws/src/beginner_tutorials$ roscd beginner_tutorials
dx@dx-OMEN-by-HP-Laptop-15-dc1xxx:~/catkin_ws/src/beginner_tutorials$ mkdir srv
dx@dx-OMEN-by-HP-Laptop-15-dc1xxx:~/catkin_ws/src/beginner_tutorials$ roscp rospy_tutorials AddTwoInts.srv srv/AddTwoInts.srv
dx@dx-OMEN-by-HP-Laptop-15-dc1xxx:~/catkin_ws/src/beginner_tutorials$ rossrv show beginner_tutorials/AddTwoInts
int64 a
int64 b
---
int64 sum

dx@dx-OMEN-by-HP-Laptop-15-dc1xxx:~/catkin_ws/src/beginner_tutorials$ cd ../..
dx@dx-OMEN-by-HP-Laptop-15-dc1xxx:~/catkin_ws$ catkin_make
Base path: /home/dx/catkin_ws
Source space: /home/dx/catkin_ws/src
Build space: /home/dx/catkin_ws/build
Devel space: /home/dx/catkin_ws/devel
Install space: /home/dx/catkin_ws/install
####
#### Running command: "cmake /home/dx/catkin_ws/src -DCATKIN_DEVEL_PREFIX=/home/dx/catkin_ws/devel -DCMAKE_INSTALL_PREFIX=/home/dx/catkin_ws/install -G Unix Makefiles" in "/home/dx/catkin_ws/build"
####
-- Using CATKIN_DEVEL_PREFIX: /home/dx/catkin_ws/devel
-- Using CMAKE_PREFIX_PATH: /home/dx/catkin_ws/devel;/opt/ros/noetic
-- This workspace overlays: /home/dx/catkin_ws/devel;/opt/ros/noetic
-- Found PythonInterp: /usr/bin/python3 (found suitable version "3.8.10", minimum required is "3") 
-- Using PYTHON_EXECUTABLE: /usr/bin/python3
-- Using Debian Python package layout
-- Using empy: /usr/lib/python3/dist-packages/em.py
-- Using CATKIN_ENABLE_TESTING: ON
-- Call enable_testing()
-- Using CATKIN_TEST_RESULTS_DIR: /home/dx/catkin_ws/build/test_results
-- Forcing gtest/gmock from source, though one was otherwise available.
-- Found gtest sources under '/usr/src/googletest': gtests will be built
-- Found gmock sources under '/usr/src/googletest': gmock will be built
-- Found PythonInterp: /usr/bin/python3 (found version "3.8.10") 
-- Using Python nosetests: /usr/bin/nosetests3
-- catkin 0.8.10
-- BUILD_SHARED_LIBS is on
-- BUILD_SHARED_LIBS is on
-- ~~~~~~~~~~~~~~~~~~~~~~~~~~~~~~~~~~~~~~~~~~~~~~~~~
-- ~~  traversing 1 packages in topological order:
-- ~~  - beginner_tutorials
-- ~~~~~~~~~~~~~~~~~~~~~~~~~~~~~~~~~~~~~~~~~~~~~~~~~
-- +++ processing catkin package: 'beginner_tutorials'
-- ==> add_subdirectory(beginner_tutorials)
-- Configuring done
-- Generating done
-- Build files have been written to: /home/dx/catkin_ws/build
####
#### Running command: "make -j8 -l8" in "/home/dx/catkin_ws/build"
####
dx@dx-OMEN-by-HP-Laptop-15-dc1xxx:~/catkin_ws$ cd -
/home/dx/catkin_ws/src/beginner_tutorials
dx@dx-OMEN-by-HP-Laptop-15-dc1xxx:~/catkin_ws/src/beginner_tutorials$ rosmsg -h
rosmsg is a command-line tool for displaying information about ROS Message types.

Commands:
	rosmsg show	Show message description
	rosmsg info	Alias for rosmsg show
	rosmsg list	List all messages
	rosmsg md5	Display message md5sum
	rosmsg package	List messages in a package
	rosmsg packages	List packages that contain messages

Type rosmsg <command> -h for more detailed usage

dx@dx-OMEN-by-HP-Laptop-15-dc1xxx:~/catkin_ws/src/beginner_tutorials$ rosmsg show -h
Usage: rosmsg show [options] <message type>

Options:
  -h, --help            show this help message and exit
  -r, --raw             show raw message text, including comments
  -b BAGFILE, --bag=BAGFILE
                        show message from .bag file

